Unique ID
DBtest-0001
DBtest-0003
DBtest-0004
